// Jest Snapshot v1, https://goo.gl/fbAQLP

exports[`Welcome should render correctly 1`] = `
<ForwardRef(MotionComponent)
  animate="fadeIn"
  className="section"
  id="welcome-section"
  variants={
    Object {
      "fadeIn": Object {
        "transition": Object {
          "delayChildren": 0.1,
          "staggerChildren": 0.1,
        },
      },
    }
  }
>
  <ForwardRef(MotionComponent)
    className="section-header"
    initial={
      Object {
        "opacity": 0,
      }
    }
    variants={
      Object {
        "fadeIn": Object {
          "opacity": 1,
          "transition": Object {
            "duration": 2,
          },
        },
      }
    }
  >
    welcome.greeting
  </ForwardRef(MotionComponent)>
  <ForwardRef(MotionComponent)
    className="me-name"
    initial={
      Object {
        "opacity": 0,
      }
    }
    variants={
      Object {
        "fadeIn": Object {
          "opacity": 1,
          "transition": Object {
            "duration": 2,
          },
        },
      }
    }
  >
    welcome.name
  </ForwardRef(MotionComponent)>
  <ForwardRef(MotionComponent)
    className="me-short"
    initial={
      Object {
        "opacity": 0,
      }
    }
    variants={
      Object {
        "fadeIn": Object {
          "opacity": 1,
          "transition": Object {
            "duration": 2,
          },
        },
      }
    }
  >
    welcome.about
  </ForwardRef(MotionComponent)>
  <ForwardRef(MotionComponent)
    className="me-long"
    initial={
      Object {
        "opacity": 0,
      }
    }
    variants={
      Object {
        "fadeIn": Object {
          "opacity": 1,
          "transition": Object {
            "duration": 2,
          },
        },
      }
    }
  >
    welcome.detail
  </ForwardRef(MotionComponent)>
  <ForwardRef(MotionComponent)
    className="pick-lang-desc"
    initial={
      Object {
        "opacity": 0,
      }
    }
    variants={
      Object {
        "fadeIn": Object {
          "opacity": 1,
          "transition": Object {
            "duration": 2,
          },
        },
      }
    }
  >
    welcome.switchDesc
  </ForwardRef(MotionComponent)>
  <ForwardRef(MotionComponent)
    className="language-picker"
    initial={
      Object {
        "opacity": 0,
      }
    }
    onClick={[Function]}
    variants={
      Object {
        "fadeIn": Object {
          "opacity": 1,
          "transition": Object {
            "duration": 2,
          },
        },
      }
    }
  >
    welcome.switch
  </ForwardRef(MotionComponent)>
</ForwardRef(MotionComponent)>
`;
